// Jest Snapshot v1, https://goo.gl/fbAQLP

exports[`ListItem It should render correctly 1`] = `ShallowWrapper {}`;

exports[`ListItem should render correctly 1`] = `ShallowWrapper {}`;
